// Jest Snapshot v1, https://goo.gl/fbAQLP

exports[`Render avatar view correctly 1`] = `
<View
  style={
    Object {
      "flex": 1,
    }
  }
>
  <View
    style={
      Object {
        "alignItems": "center",
        "display": "flex",
        "height": "75%",
        "justifyContent": "flex-end",
      }
    }
  >
    <View />
  </View>
  <View
    style={
      Object {
        "flex": 1,
      }
    }
  >
    <View />
  </View>
</View>
`;
