// Jest Snapshot v1, https://goo.gl/fbAQLP

exports[`Render spread correctly 1`] = `
<View
  accessible={true}
  isTVSelectable={true}
  onResponderGrant={[Function]}
  onResponderMove={[Function]}
  onResponderRelease={[Function]}
  onResponderTerminate={[Function]}
  onResponderTerminationRequest={[Function]}
  onStartShouldSetResponder={[Function]}
  style={
    Object {
      "backgroundColor": "#33314057",
      "borderRadius": 4,
      "height": 8,
      "marginBottom": 8,
      "marginTop": 8,
      "opacity": 1,
      "width": 8,
    }
  }
/>
`;
