// Jest Snapshot v1, https://goo.gl/fbAQLP

exports[`Render slide view correctly 1`] = `
<View
  style={
    Object {
      "flex": 1,
    }
  }
>
  <RCTScrollView
    horizontal={true}
    onScroll={[Function]}
    pagingEnabled={true}
    showsHorizontalScrollIndicator={false}
  >
    <View />
  </RCTScrollView>
  <View
    style={
      Object {
        "alignItems": "center",
        "display": "flex",
        "height": 100,
        "justifyContent": "center",
        "marginTop": 40,
      }
    }
  >
    <View
      style={
        Object {
          "alignItems": "center",
          "display": "flex",
          "flexDirection": "row",
          "justifyContent": "space-between",
          "width": NaN,
        }
      }
    />
    <View
      accessible={true}
      isTVSelectable={true}
      onResponderGrant={[Function]}
      onResponderMove={[Function]}
      onResponderRelease={[Function]}
      onResponderTerminate={[Function]}
      onResponderTerminationRequest={[Function]}
      onStartShouldSetResponder={[Function]}
      style={
        Object {
          "alignItems": "center",
          "backgroundColor": "#1154ff",
          "borderRadius": 22,
          "display": "flex",
          "height": 44,
          "justifyContent": "center",
          "marginBottom": 8,
          "marginTop": 8,
          "opacity": 1,
          "paddingLeft": 10,
          "paddingRight": 10,
          "shadowColor": "#731154",
          "shadowOffset": Object {
            "height": 5,
            "width": 0,
          },
          "shadowRadius": 9,
        }
      }
    >
      <Text
        style={
          Object {
            "color": "white",
          }
        }
      >
        Next
      </Text>
    </View>
  </View>
</View>
`;
